[2025-11-25 01:03:29,812][run_task2_3_trainer_multilingual.py][line:951][INFO] initial optimizer......
[2025-11-25 01:03:29,813][run_task2_3_trainer_multilingual.py][line:968][INFO] New model and optimizer from epoch 1
[2025-11-25 01:03:29,813][run_task2_3_trainer_multilingual.py][line:977][INFO] begin training......
[2025-11-25 01:19:11,992][run_task2_3_trainer_multilingual.py][line:1125][INFO] Epoch:[1/3]	 Batch:[10/349.0]	 Loss Sum:1649.5999	forward Loss:342.63;482.2902	 backward Loss:351.493;322.6695	 Sentiment Loss:45.4707	Valence Loss:266.668	 Arousal Loss:258.5641	
[2025-11-25 01:34:37,717][run_task2_3_trainer_multilingual.py][line:1125][INFO] Epoch:[1/3]	 Batch:[20/349.0]	 Loss Sum:945.9233	forward Loss:196.1594;254.3195	 backward Loss:186.0186;179.0775	 Sentiment Loss:41.415	Valence Loss:236.6378	 Arousal Loss:208.0286	
[2025-11-25 01:50:03,134][run_task2_3_trainer_multilingual.py][line:1125][INFO] Epoch:[1/3]	 Batch:[30/349.0]	 Loss Sum:549.1978	forward Loss:119.9035;109.4891	 backward Loss:125.4976;99.4361	 Sentiment Loss:36.3795	Valence Loss:152.2622	 Arousal Loss:140.1976	
[2025-11-25 02:05:28,899][run_task2_3_trainer_multilingual.py][line:1125][INFO] Epoch:[1/3]	 Batch:[40/349.0]	 Loss Sum:467.086	forward Loss:103.2236;96.975	 backward Loss:110.6864;92.8319	 Sentiment Loss:30.4328	Valence Loss:90.3996	 Arousal Loss:74.2818	
[2025-11-25 02:20:54,664][run_task2_3_trainer_multilingual.py][line:1125][INFO] Epoch:[1/3]	 Batch:[50/349.0]	 Loss Sum:491.8037	forward Loss:114.3981;101.7401	 backward Loss:133.3351;100.8516	 Sentiment Loss:27.9861	Valence Loss:37.7886	 Arousal Loss:29.6751	
[2025-11-25 02:36:20,714][run_task2_3_trainer_multilingual.py][line:1125][INFO] Epoch:[1/3]	 Batch:[60/349.0]	 Loss Sum:362.3197	forward Loss:81.2833;79.571	 backward Loss:82.6429;81.8701	 Sentiment Loss:32.1797	Valence Loss:17.2464	 Arousal Loss:6.6172	
[2025-11-25 02:51:46,217][run_task2_3_trainer_multilingual.py][line:1125][INFO] Epoch:[1/3]	 Batch:[70/349.0]	 Loss Sum:332.8942	forward Loss:88.6057;66.4184	 backward Loss:84.6945;68.8963	 Sentiment Loss:20.0064	Valence Loss:13.7193	 Arousal Loss:7.6454	
[2025-11-25 03:07:12,086][run_task2_3_trainer_multilingual.py][line:1125][INFO] Epoch:[1/3]	 Batch:[80/349.0]	 Loss Sum:275.3076	forward Loss:57.9193;61.3301	 backward Loss:83.511;51.9487	 Sentiment Loss:17.3323	Valence Loss:9.4869	 Arousal Loss:6.8441	
[2025-11-25 03:22:38,117][run_task2_3_trainer_multilingual.py][line:1125][INFO] Epoch:[1/3]	 Batch:[90/349.0]	 Loss Sum:206.2961	forward Loss:46.5137;44.7828	 backward Loss:51.8326;40.0872	 Sentiment Loss:20.2862	Valence Loss:10.5623	 Arousal Loss:3.4056	
[2025-11-25 03:38:03,386][run_task2_3_trainer_multilingual.py][line:1125][INFO] Epoch:[1/3]	 Batch:[100/349.0]	 Loss Sum:203.0481	forward Loss:51.1989;41.9325	 backward Loss:47.9106;38.2281	 Sentiment Loss:21.0593	Valence Loss:10.7081	 Arousal Loss:2.8861	
[2025-11-25 03:53:28,315][run_task2_3_trainer_multilingual.py][line:1125][INFO] Epoch:[1/3]	 Batch:[110/349.0]	 Loss Sum:184.0245	forward Loss:37.6586;33.2555	 backward Loss:41.3576;43.8242	 Sentiment Loss:26.0033	Valence Loss:8.1527	 Arousal Loss:1.4742	
[2025-11-25 04:08:53,726][run_task2_3_trainer_multilingual.py][line:1125][INFO] Epoch:[1/3]	 Batch:[120/349.0]	 Loss Sum:181.8149	forward Loss:38.2287;35.5928	 backward Loss:46.7428;33.3157	 Sentiment Loss:26.4554	Valence Loss:4.5571	 Arousal Loss:2.84	
[2025-11-25 04:24:18,996][run_task2_3_trainer_multilingual.py][line:1125][INFO] Epoch:[1/3]	 Batch:[130/349.0]	 Loss Sum:211.886	forward Loss:52.0122;33.3003	 backward Loss:51.0624;41.9552	 Sentiment Loss:31.5461	Valence Loss:7.8314	 Arousal Loss:2.2179	
[2025-11-25 04:39:44,512][run_task2_3_trainer_multilingual.py][line:1125][INFO] Epoch:[1/3]	 Batch:[140/349.0]	 Loss Sum:143.8927	forward Loss:26.745;27.0413	 backward Loss:40.6876;24.9911	 Sentiment Loss:20.2762	Valence Loss:15.031	 Arousal Loss:5.7267	
[2025-11-25 04:55:10,110][run_task2_3_trainer_multilingual.py][line:1125][INFO] Epoch:[1/3]	 Batch:[150/349.0]	 Loss Sum:247.688	forward Loss:68.095;33.6165	 backward Loss:69.3148;36.6487	 Sentiment Loss:37.4428	Valence Loss:9.318	 Arousal Loss:3.5336	
[2025-11-25 05:10:35,988][run_task2_3_trainer_multilingual.py][line:1125][INFO] Epoch:[1/3]	 Batch:[160/349.0]	 Loss Sum:236.2867	forward Loss:57.0537;41.0557	 backward Loss:67.7659;40.8108	 Sentiment Loss:27.474	Valence Loss:5.7665	 Arousal Loss:4.8665	
[2025-11-25 05:26:01,813][run_task2_3_trainer_multilingual.py][line:1125][INFO] Epoch:[1/3]	 Batch:[170/349.0]	 Loss Sum:170.4447	forward Loss:34.9338;33.5542	 backward Loss:36.1974;23.6477	 Sentiment Loss:36.7463	Valence Loss:19.7268	 Arousal Loss:7.0999	
[2025-11-25 05:41:27,395][run_task2_3_trainer_multilingual.py][line:1125][INFO] Epoch:[1/3]	 Batch:[180/349.0]	 Loss Sum:135.4644	forward Loss:21.4387;32.0771	 backward Loss:36.0302;19.1003	 Sentiment Loss:22.8402	Valence Loss:16.5457	 Arousal Loss:3.3437	
[2025-11-25 05:56:53,320][run_task2_3_trainer_multilingual.py][line:1125][INFO] Epoch:[1/3]	 Batch:[190/349.0]	 Loss Sum:259.4271	forward Loss:67.7351;51.4776	 backward Loss:63.2332;42.2098	 Sentiment Loss:31.4584	Valence Loss:13.0358	 Arousal Loss:3.5297	
[2025-11-25 06:12:18,862][run_task2_3_trainer_multilingual.py][line:1125][INFO] Epoch:[1/3]	 Batch:[200/349.0]	 Loss Sum:253.4778	forward Loss:79.8554;31.5574	 backward Loss:76.4844;35.2687	 Sentiment Loss:27.4703	Valence Loss:8.4652	 Arousal Loss:5.7433	
[2025-11-25 06:27:44,799][run_task2_3_trainer_multilingual.py][line:1125][INFO] Epoch:[1/3]	 Batch:[210/349.0]	 Loss Sum:132.194	forward Loss:26.5294;31.3047	 backward Loss:34.7057;23.4389	 Sentiment Loss:12.6546	Valence Loss:14.5745	 Arousal Loss:3.2295	
[2025-11-25 06:43:10,491][run_task2_3_trainer_multilingual.py][line:1125][INFO] Epoch:[1/3]	 Batch:[220/349.0]	 Loss Sum:154.7776	forward Loss:34.7478;25.7672	 backward Loss:45.8563;19.912	 Sentiment Loss:25.9092	Valence Loss:8.3903	 Arousal Loss:4.5353	
[2025-11-25 06:58:36,302][run_task2_3_trainer_multilingual.py][line:1125][INFO] Epoch:[1/3]	 Batch:[230/349.0]	 Loss Sum:158.0175	forward Loss:33.0593;36.6376	 backward Loss:47.3204;19.5016	 Sentiment Loss:19.6975	Valence Loss:4.0354	 Arousal Loss:4.9698	
[2025-11-25 07:14:02,521][run_task2_3_trainer_multilingual.py][line:1125][INFO] Epoch:[1/3]	 Batch:[240/349.0]	 Loss Sum:123.6952	forward Loss:24.6716;21.4693	 backward Loss:43.6615;12.3714	 Sentiment Loss:19.9579	Valence Loss:5.8791	 Arousal Loss:1.9389	
[2025-11-25 07:29:28,209][run_task2_3_trainer_multilingual.py][line:1125][INFO] Epoch:[1/3]	 Batch:[250/349.0]	 Loss Sum:137.8018	forward Loss:31.0845;23.7378	 backward Loss:48.0292;15.7898	 Sentiment Loss:17.0299	Valence Loss:8.3091	 Arousal Loss:2.3444	
[2025-11-25 07:44:53,485][run_task2_3_trainer_multilingual.py][line:1125][INFO] Epoch:[1/3]	 Batch:[260/349.0]	 Loss Sum:182.8928	forward Loss:43.5701;23.6122	 backward Loss:57.173;22.8658	 Sentiment Loss:32.881	Valence Loss:9.8444	 Arousal Loss:4.1095	
[2025-11-25 08:00:18,491][run_task2_3_trainer_multilingual.py][line:1125][INFO] Epoch:[1/3]	 Batch:[270/349.0]	 Loss Sum:119.3567	forward Loss:21.0524;24.2479	 backward Loss:26.6063;25.6746	 Sentiment Loss:18.2529	Valence Loss:11.2692	 Arousal Loss:6.3439	
[2025-11-25 08:15:43,866][run_task2_3_trainer_multilingual.py][line:1125][INFO] Epoch:[1/3]	 Batch:[280/349.0]	 Loss Sum:97.0628	forward Loss:24.2283;18.5734	 backward Loss:28.9167;10.3326	 Sentiment Loss:11.6408	Valence Loss:10.9406	 Arousal Loss:5.9143	
[2025-11-25 08:31:09,946][run_task2_3_trainer_multilingual.py][line:1125][INFO] Epoch:[1/3]	 Batch:[290/349.0]	 Loss Sum:167.9283	forward Loss:38.3119;23.4963	 backward Loss:53.2011;30.7151	 Sentiment Loss:20.4766	Valence Loss:2.0114	 Arousal Loss:6.625	
[2025-11-25 08:46:35,878][run_task2_3_trainer_multilingual.py][line:1125][INFO] Epoch:[1/3]	 Batch:[300/349.0]	 Loss Sum:147.487	forward Loss:33.5527;33.7327	 backward Loss:46.0757;18.1603	 Sentiment Loss:12.7377	Valence Loss:13.2849	 Arousal Loss:2.8545	
[2025-11-25 09:02:01,676][run_task2_3_trainer_multilingual.py][line:1125][INFO] Epoch:[1/3]	 Batch:[310/349.0]	 Loss Sum:130.7964	forward Loss:28.7946;22.3565	 backward Loss:32.3475;19.9087	 Sentiment Loss:25.5974	Valence Loss:5.2021	 Arousal Loss:3.7561	
[2025-11-25 09:17:26,831][run_task2_3_trainer_multilingual.py][line:1125][INFO] Epoch:[1/3]	 Batch:[320/349.0]	 Loss Sum:122.8468	forward Loss:23.1847;23.8544	 backward Loss:30.7865;30.4607	 Sentiment Loss:12.3248	Valence Loss:8.6505	 Arousal Loss:2.5277	
[2025-11-25 09:32:52,545][run_task2_3_trainer_multilingual.py][line:1125][INFO] Epoch:[1/3]	 Batch:[330/349.0]	 Loss Sum:152.1236	forward Loss:31.9677;32.7194	 backward Loss:38.6188;30.2675	 Sentiment Loss:16.8883	Valence Loss:5.2244	 Arousal Loss:3.085	
[2025-11-25 09:48:18,490][run_task2_3_trainer_multilingual.py][line:1125][INFO] Epoch:[1/3]	 Batch:[340/349.0]	 Loss Sum:144.5657	forward Loss:38.2526;30.4827	 backward Loss:44.8978;18.0038	 Sentiment Loss:11.2196	Valence Loss:4.9254	 Arousal Loss:3.62	
[2025-11-25 10:02:11,157][run_task2_3_trainer_multilingual.py][line:1137][INFO] dev
[2025-11-25 10:06:11,631][run_task2_3_trainer_multilingual.py][line:468][INFO] Triplet - Precision: 0.20034692098857462	Recall: 0.3450336069118494	F1: 0.2534974774392885
[2025-11-25 10:06:11,632][run_task2_3_trainer_multilingual.py][line:473][INFO] Aspect - Precision: 0.5699576011084447	Recall: 0.775123557845862	F1: 0.6568930539319987
[2025-11-25 10:06:11,632][run_task2_3_trainer_multilingual.py][line:478][INFO] Opinion - Precision: 0.5083655080383748	Recall: 0.6325060042974331	F1: 0.563681275050902
[2025-11-25 10:06:11,633][run_task2_3_trainer_multilingual.py][line:484][INFO] Aspect-Category - Precision: 0.3520467834198557	Recall: 0.474763406565644	F1: 0.40429769744606237
[2025-11-25 10:06:11,633][run_task2_3_trainer_multilingual.py][line:492][INFO] Aspect-Opinion - Precision: 0.30962705970961535	Recall: 0.5332337561364945	F1: 0.39176908230139007
[2025-11-25 10:06:11,637][run_task2_3_trainer_multilingual.py][line:1143][INFO] Model saved after epoch 1
[2025-11-25 10:21:57,381][run_task2_3_trainer_multilingual.py][line:1125][INFO] Epoch:[2/3]	 Batch:[10/349.0]	 Loss Sum:110.6882	forward Loss:17.3723;26.3748	 backward Loss:29.5561;17.207	 Sentiment Loss:17.2189	Valence Loss:10.7503	 Arousal Loss:4.0453	
[2025-11-25 10:37:41,664][run_task2_3_trainer_multilingual.py][line:1125][INFO] Epoch:[2/3]	 Batch:[20/349.0]	 Loss Sum:109.0499	forward Loss:27.6146;20.948	 backward Loss:24.4159;17.9835	 Sentiment Loss:15.0407	Valence Loss:9.5004	 Arousal Loss:5.7357	
[2025-11-25 10:53:26,471][run_task2_3_trainer_multilingual.py][line:1125][INFO] Epoch:[2/3]	 Batch:[30/349.0]	 Loss Sum:131.0644	forward Loss:35.5983;25.5064	 backward Loss:26.2396;24.1639	 Sentiment Loss:14.1109	Valence Loss:21.2064	 Arousal Loss:6.0205	
[2025-11-25 11:09:11,440][run_task2_3_trainer_multilingual.py][line:1125][INFO] Epoch:[2/3]	 Batch:[40/349.0]	 Loss Sum:97.0093	forward Loss:16.4267;22.7097	 backward Loss:26.41;11.6597	 Sentiment Loss:17.9398	Valence Loss:5.7167	 Arousal Loss:3.6	
[2025-11-25 11:24:56,350][run_task2_3_trainer_multilingual.py][line:1125][INFO] Epoch:[2/3]	 Batch:[50/349.0]	 Loss Sum:118.2609	forward Loss:25.9473;14.9113	 backward Loss:20.177;26.0693	 Sentiment Loss:30.1362	Valence Loss:1.3092	 Arousal Loss:3.7897	
[2025-11-25 11:40:40,265][run_task2_3_trainer_multilingual.py][line:1125][INFO] Epoch:[2/3]	 Batch:[60/349.0]	 Loss Sum:88.9771	forward Loss:17.4777;20.3031	 backward Loss:32.1006;8.8338	 Sentiment Loss:8.7945	Valence Loss:4.1192	 Arousal Loss:3.2182	
[2025-11-25 11:56:25,017][run_task2_3_trainer_multilingual.py][line:1125][INFO] Epoch:[2/3]	 Batch:[70/349.0]	 Loss Sum:75.5385	forward Loss:14.1286;17.62	 backward Loss:19.0526;11.4304	 Sentiment Loss:11.6383	Valence Loss:6.1868	 Arousal Loss:2.1564	
[2025-11-25 12:12:09,912][run_task2_3_trainer_multilingual.py][line:1125][INFO] Epoch:[2/3]	 Batch:[80/349.0]	 Loss Sum:104.4355	forward Loss:26.2318;13.4435	 backward Loss:33.328;10.2697	 Sentiment Loss:18.3183	Valence Loss:6.5319	 Arousal Loss:7.6894	
[2025-11-25 12:27:53,869][run_task2_3_trainer_multilingual.py][line:1125][INFO] Epoch:[2/3]	 Batch:[90/349.0]	 Loss Sum:139.7673	forward Loss:30.9683;22.7899	 backward Loss:49.9994;16.7362	 Sentiment Loss:16.5013	Valence Loss:8.6957	 Arousal Loss:5.1656	
[2025-11-25 12:43:38,187][run_task2_3_trainer_multilingual.py][line:1125][INFO] Epoch:[2/3]	 Batch:[100/349.0]	 Loss Sum:105.4407	forward Loss:22.6368;15.2397	 backward Loss:38.5184;14.3266	 Sentiment Loss:11.8599	Valence Loss:7.8947	 Arousal Loss:6.402	
[2025-11-25 12:59:22,931][run_task2_3_trainer_multilingual.py][line:1125][INFO] Epoch:[2/3]	 Batch:[110/349.0]	 Loss Sum:107.3423	forward Loss:23.956;17.8241	 backward Loss:38.7239;14.0033	 Sentiment Loss:10.4834	Valence Loss:6.6933	 Arousal Loss:5.0646	
[2025-11-25 13:15:07,441][run_task2_3_trainer_multilingual.py][line:1125][INFO] Epoch:[2/3]	 Batch:[120/349.0]	 Loss Sum:130.5628	forward Loss:21.0378;42.1752	 backward Loss:41.7589;17.0764	 Sentiment Loss:6.8748	Valence Loss:5.4629	 Arousal Loss:2.7358	
[2025-11-25 13:30:52,196][run_task2_3_trainer_multilingual.py][line:1125][INFO] Epoch:[2/3]	 Batch:[130/349.0]	 Loss Sum:257.6861	forward Loss:82.4538;39.07	 backward Loss:96.3559;20.5019	 Sentiment Loss:17.3717	Valence Loss:6.4639	 Arousal Loss:3.2002	
[2025-11-25 13:46:36,964][run_task2_3_trainer_multilingual.py][line:1125][INFO] Epoch:[2/3]	 Batch:[140/349.0]	 Loss Sum:103.3684	forward Loss:28.0935;15.6647	 backward Loss:22.4861;27.5878	 Sentiment Loss:8.0818	Valence Loss:3.4285	 Arousal Loss:3.8432	
[2025-11-25 14:02:21,264][run_task2_3_trainer_multilingual.py][line:1125][INFO] Epoch:[2/3]	 Batch:[150/349.0]	 Loss Sum:156.2027	forward Loss:39.2847;20.0317	 backward Loss:48.7388;30.4154	 Sentiment Loss:16.4219	Valence Loss:3.0149	 Arousal Loss:3.5357	
[2025-11-25 14:18:05,390][run_task2_3_trainer_multilingual.py][line:1125][INFO] Epoch:[2/3]	 Batch:[160/349.0]	 Loss Sum:72.4573	forward Loss:9.3466;12.2756	 backward Loss:22.2227;5.8284	 Sentiment Loss:21.196	Valence Loss:3.511	 Arousal Loss:4.429	
[2025-11-25 14:33:57,106][run_task2_3_trainer_multilingual.py][line:1125][INFO] Epoch:[2/3]	 Batch:[170/349.0]	 Loss Sum:101.9297	forward Loss:20.0532;23.9861	 backward Loss:40.8128;5.6491	 Sentiment Loss:8.6791	Valence Loss:7.633	 Arousal Loss:6.1138	
[2025-11-25 14:49:53,419][run_task2_3_trainer_multilingual.py][line:1125][INFO] Epoch:[2/3]	 Batch:[180/349.0]	 Loss Sum:126.0675	forward Loss:44.1102;18.3557	 backward Loss:30.5724;22.4164	 Sentiment Loss:8.5062	Valence Loss:5.6558	 Arousal Loss:4.8766	
[2025-11-25 15:06:04,623][run_task2_3_trainer_multilingual.py][line:1125][INFO] Epoch:[2/3]	 Batch:[190/349.0]	 Loss Sum:114.1915	forward Loss:26.8275;25.9549	 backward Loss:28.3351;21.6293	 Sentiment Loss:9.7292	Valence Loss:5.4552	 Arousal Loss:3.1227	
[2025-11-25 15:22:11,736][run_task2_3_trainer_multilingual.py][line:1125][INFO] Epoch:[2/3]	 Batch:[200/349.0]	 Loss Sum:172.5413	forward Loss:58.4014;10.4996	 backward Loss:30.3906;52.6823	 Sentiment Loss:18.4056	Valence Loss:4.5989	 Arousal Loss:6.2095	
[2025-11-25 15:38:19,254][run_task2_3_trainer_multilingual.py][line:1125][INFO] Epoch:[2/3]	 Batch:[210/349.0]	 Loss Sum:93.6894	forward Loss:15.8962;18.7083	 backward Loss:37.4435;10.9705	 Sentiment Loss:8.1599	Valence Loss:6.3599	 Arousal Loss:6.1955	
[2025-11-25 15:54:26,286][run_task2_3_trainer_multilingual.py][line:1125][INFO] Epoch:[2/3]	 Batch:[220/349.0]	 Loss Sum:77.062	forward Loss:12.041;23.5716	 backward Loss:22.8221;11.3805	 Sentiment Loss:5.0216	Valence Loss:8.2726	 Arousal Loss:2.8531	
[2025-11-25 16:10:33,634][run_task2_3_trainer_multilingual.py][line:1125][INFO] Epoch:[2/3]	 Batch:[230/349.0]	 Loss Sum:86.3847	forward Loss:25.041;11.422	 backward Loss:37.5778;9.2518	 Sentiment Loss:1.8009	Valence Loss:3.8966	 Arousal Loss:2.5587	
[2025-11-25 16:26:40,827][run_task2_3_trainer_multilingual.py][line:1125][INFO] Epoch:[2/3]	 Batch:[240/349.0]	 Loss Sum:87.1985	forward Loss:21.0327;19.1622	 backward Loss:28.9134;13.2697	 Sentiment Loss:3.1709	Valence Loss:4.594	 Arousal Loss:3.6541	
[2025-11-25 16:42:47,953][run_task2_3_trainer_multilingual.py][line:1125][INFO] Epoch:[2/3]	 Batch:[250/349.0]	 Loss Sum:176.0958	forward Loss:56.0523;20.7941	 backward Loss:54.6799;32.6166	 Sentiment Loss:10.7455	Valence Loss:3.6911	 Arousal Loss:2.3463	
[2025-11-25 16:58:55,165][run_task2_3_trainer_multilingual.py][line:1125][INFO] Epoch:[2/3]	 Batch:[260/349.0]	 Loss Sum:158.2402	forward Loss:67.9215;18.3255	 backward Loss:39.2534;24.9178	 Sentiment Loss:6.223	Valence Loss:6.6226	 Arousal Loss:1.372	
[2025-11-25 17:15:03,163][run_task2_3_trainer_multilingual.py][line:1125][INFO] Epoch:[2/3]	 Batch:[270/349.0]	 Loss Sum:115.1556	forward Loss:35.7884;15.27	 backward Loss:38.8774;13.3353	 Sentiment Loss:9.2094	Valence Loss:6.3013	 Arousal Loss:7.0747	
[2025-11-25 17:31:10,848][run_task2_3_trainer_multilingual.py][line:1125][INFO] Epoch:[2/3]	 Batch:[280/349.0]	 Loss Sum:121.001	forward Loss:39.6904;15.1043	 backward Loss:40.899;13.4061	 Sentiment Loss:9.9289	Valence Loss:4.2843	 Arousal Loss:5.5775	
[2025-11-25 17:47:18,281][run_task2_3_trainer_multilingual.py][line:1125][INFO] Epoch:[2/3]	 Batch:[290/349.0]	 Loss Sum:83.6268	forward Loss:17.5742;17.1048	 backward Loss:25.6027;14.5974	 Sentiment Loss:7.0193	Valence Loss:5.009	 Arousal Loss:3.6329	
[2025-11-25 18:03:25,879][run_task2_3_trainer_multilingual.py][line:1125][INFO] Epoch:[2/3]	 Batch:[300/349.0]	 Loss Sum:106.5919	forward Loss:48.8322;12.4927	 backward Loss:24.03;15.2629	 Sentiment Loss:4.814	Valence Loss:2.6785	 Arousal Loss:3.122	
[2025-11-25 18:19:33,061][run_task2_3_trainer_multilingual.py][line:1125][INFO] Epoch:[2/3]	 Batch:[310/349.0]	 Loss Sum:149.8125	forward Loss:40.0963;29.1745	 backward Loss:54.4473;17.4547	 Sentiment Loss:7.1972	Valence Loss:5.0426	 Arousal Loss:2.1695	
[2025-11-25 18:35:40,275][run_task2_3_trainer_multilingual.py][line:1125][INFO] Epoch:[2/3]	 Batch:[320/349.0]	 Loss Sum:96.3359	forward Loss:28.03;20.0084	 backward Loss:21.3124;22.0784	 Sentiment Loss:2.8583	Valence Loss:5.3506	 Arousal Loss:4.8916	
[2025-11-25 18:51:47,458][run_task2_3_trainer_multilingual.py][line:1125][INFO] Epoch:[2/3]	 Batch:[330/349.0]	 Loss Sum:98.5666	forward Loss:32.4832;21.69	 backward Loss:26.5839;9.872	 Sentiment Loss:6.928	Valence Loss:2.7863	 Arousal Loss:2.2611	
[2025-11-25 19:07:54,685][run_task2_3_trainer_multilingual.py][line:1125][INFO] Epoch:[2/3]	 Batch:[340/349.0]	 Loss Sum:106.3706	forward Loss:21.7525;20.1233	 backward Loss:48.699;9.225	 Sentiment Loss:4.8723	Valence Loss:5.2302	 Arousal Loss:3.2623	
[2025-11-25 19:22:24,915][run_task2_3_trainer_multilingual.py][line:1137][INFO] dev
[2025-11-25 19:26:17,757][run_task2_3_trainer_multilingual.py][line:468][INFO] Triplet - Precision: 0.29117330447191964	Recall: 0.40403286004179767	F1: 0.3384418026126069
[2025-11-25 19:26:17,757][run_task2_3_trainer_multilingual.py][line:473][INFO] Aspect - Precision: 0.615537848196854	Recall: 0.7635914326494304	F1: 0.6816171523203195
[2025-11-25 19:26:17,757][run_task2_3_trainer_multilingual.py][line:478][INFO] Opinion - Precision: 0.5335085410423728	Recall: 0.650120095556349	F1: 0.5860695152569658
[2025-11-25 19:26:17,758][run_task2_3_trainer_multilingual.py][line:484][INFO] Aspect-Category - Precision: 0.4467948715084648	Recall: 0.5496845421532456	F1: 0.4929273691974939
[2025-11-25 19:26:17,758][run_task2_3_trainer_multilingual.py][line:492][INFO] Aspect-Opinion - Precision: 0.39020452078029894	Recall: 0.541448842015348	F1: 0.45354971620948403
[2025-11-25 19:26:17,760][run_task2_3_trainer_multilingual.py][line:1143][INFO] Model saved after epoch 2
[2025-11-25 19:42:25,267][run_task2_3_trainer_multilingual.py][line:1125][INFO] Epoch:[3/3]	 Batch:[10/349.0]	 Loss Sum:82.1488	forward Loss:25.4187;12.2101	 backward Loss:28.9855;7.1659	 Sentiment Loss:5.1411	Valence Loss:9.3441	 Arousal Loss:6.7936	
[2025-11-25 19:58:32,373][run_task2_3_trainer_multilingual.py][line:1125][INFO] Epoch:[3/3]	 Batch:[20/349.0]	 Loss Sum:107.1346	forward Loss:27.7085;16.8771	 backward Loss:36.823;6.8794	 Sentiment Loss:16.0637	Valence Loss:8.083	 Arousal Loss:5.832	
[2025-11-25 20:14:39,613][run_task2_3_trainer_multilingual.py][line:1125][INFO] Epoch:[3/3]	 Batch:[30/349.0]	 Loss Sum:94.6007	forward Loss:22.2344;18.3913	 backward Loss:34.6515;14.0339	 Sentiment Loss:4.0775	Valence Loss:3.3262	 Arousal Loss:2.7337	
[2025-11-25 20:30:46,459][run_task2_3_trainer_multilingual.py][line:1125][INFO] Epoch:[3/3]	 Batch:[40/349.0]	 Loss Sum:117.6024	forward Loss:27.793;26.9156	 backward Loss:34.3716;18.2594	 Sentiment Loss:8.7063	Valence Loss:4.5146	 Arousal Loss:3.2674	
[2025-11-25 20:46:53,440][run_task2_3_trainer_multilingual.py][line:1125][INFO] Epoch:[3/3]	 Batch:[50/349.0]	 Loss Sum:100.8502	forward Loss:33.1952;12.995	 backward Loss:23.0738;9.6876	 Sentiment Loss:19.5478	Valence Loss:8.4688	 Arousal Loss:3.2853	
[2025-11-25 21:03:00,491][run_task2_3_trainer_multilingual.py][line:1125][INFO] Epoch:[3/3]	 Batch:[60/349.0]	 Loss Sum:90.5534	forward Loss:27.388;12.7674	 backward Loss:39.5264;5.6745	 Sentiment Loss:3.8614	Valence Loss:3.6272	 Arousal Loss:3.0511	
[2025-11-25 21:19:07,335][run_task2_3_trainer_multilingual.py][line:1125][INFO] Epoch:[3/3]	 Batch:[70/349.0]	 Loss Sum:103.6622	forward Loss:16.6886;24.6427	 backward Loss:36.7724;14.4285	 Sentiment Loss:10.2682	Valence Loss:2.9532	 Arousal Loss:1.356	
[2025-11-25 21:35:14,872][run_task2_3_trainer_multilingual.py][line:1125][INFO] Epoch:[3/3]	 Batch:[80/349.0]	 Loss Sum:110.4149	forward Loss:23.5857;19.5857	 backward Loss:31.0665;25.5654	 Sentiment Loss:9.2681	Valence Loss:2.7348	 Arousal Loss:3.983	
[2025-11-25 21:51:22,074][run_task2_3_trainer_multilingual.py][line:1125][INFO] Epoch:[3/3]	 Batch:[90/349.0]	 Loss Sum:88.7088	forward Loss:31.1732;8.6862	 backward Loss:23.2675;14.9339	 Sentiment Loss:9.5046	Valence Loss:2.219	 Arousal Loss:3.4981	
[2025-11-25 22:07:28,479][run_task2_3_trainer_multilingual.py][line:1125][INFO] Epoch:[3/3]	 Batch:[100/349.0]	 Loss Sum:78.5242	forward Loss:19.253;13.0895	 backward Loss:27.0978;10.3294	 Sentiment Loss:7.944	Valence Loss:1.9324	 Arousal Loss:2.1194	
[2025-11-25 22:23:35,891][run_task2_3_trainer_multilingual.py][line:1125][INFO] Epoch:[3/3]	 Batch:[110/349.0]	 Loss Sum:116.3902	forward Loss:28.8146;20.7822	 backward Loss:33.5105;19.0915	 Sentiment Loss:12.5774	Valence Loss:3.7077	 Arousal Loss:4.362	
[2025-11-25 22:39:43,060][run_task2_3_trainer_multilingual.py][line:1125][INFO] Epoch:[3/3]	 Batch:[120/349.0]	 Loss Sum:101.0643	forward Loss:24.2787;15.4809	 backward Loss:25.5184;28.5606	 Sentiment Loss:5.5711	Valence Loss:5.3095	 Arousal Loss:2.9634	
[2025-11-25 22:55:50,388][run_task2_3_trainer_multilingual.py][line:1125][INFO] Epoch:[3/3]	 Batch:[130/349.0]	 Loss Sum:102.1314	forward Loss:20.5776;28.6351	 backward Loss:28.114;15.8838	 Sentiment Loss:7.1909	Valence Loss:5.3636	 Arousal Loss:3.2863	
[2025-11-25 23:11:59,998][run_task2_3_trainer_multilingual.py][line:1125][INFO] Epoch:[3/3]	 Batch:[140/349.0]	 Loss Sum:66.9815	forward Loss:17.4022;13.4448	 backward Loss:18.9507;12.1319	 Sentiment Loss:3.2233	Valence Loss:5.7462	 Arousal Loss:3.3967	
[2025-11-25 23:28:09,280][run_task2_3_trainer_multilingual.py][line:1125][INFO] Epoch:[3/3]	 Batch:[150/349.0]	 Loss Sum:109.1623	forward Loss:30.8243;18.2005	 backward Loss:28.9562;12.408	 Sentiment Loss:17.0945	Valence Loss:3.1993	 Arousal Loss:5.1955	
[2025-11-25 23:44:18,575][run_task2_3_trainer_multilingual.py][line:1125][INFO] Epoch:[3/3]	 Batch:[160/349.0]	 Loss Sum:98.1637	forward Loss:40.9106;9.241	 backward Loss:26.4234;12.4242	 Sentiment Loss:8.0262	Valence Loss:3.2071	 Arousal Loss:2.4842	
[2025-11-26 00:00:27,716][run_task2_3_trainer_multilingual.py][line:1125][INFO] Epoch:[3/3]	 Batch:[170/349.0]	 Loss Sum:86.7738	forward Loss:20.4601;19.3524	 backward Loss:24.899;12.8074	 Sentiment Loss:7.4718	Valence Loss:5.8345	 Arousal Loss:3.0808	
[2025-11-26 00:16:36,479][run_task2_3_trainer_multilingual.py][line:1125][INFO] Epoch:[3/3]	 Batch:[180/349.0]	 Loss Sum:113.3225	forward Loss:29.4984;20.481	 backward Loss:42.605;14.7894	 Sentiment Loss:4.8546	Valence Loss:3.0563	 Arousal Loss:2.4141	
[2025-11-26 00:32:45,353][run_task2_3_trainer_multilingual.py][line:1125][INFO] Epoch:[3/3]	 Batch:[190/349.0]	 Loss Sum:79.2258	forward Loss:22.1157;14.0806	 backward Loss:19.1819;15.8031	 Sentiment Loss:5.061	Valence Loss:10.6606	 Arousal Loss:4.2564	
[2025-11-26 00:48:52,801][run_task2_3_trainer_multilingual.py][line:1125][INFO] Epoch:[3/3]	 Batch:[200/349.0]	 Loss Sum:140.0781	forward Loss:34.1644;33.3752	 backward Loss:50.3726;11.9123	 Sentiment Loss:8.8482	Valence Loss:4.1483	 Arousal Loss:2.879	
[2025-11-26 01:05:00,406][run_task2_3_trainer_multilingual.py][line:1125][INFO] Epoch:[3/3]	 Batch:[210/349.0]	 Loss Sum:78.4293	forward Loss:18.9594;15.5377	 backward Loss:27.9278;6.2581	 Sentiment Loss:8.4563	Valence Loss:2.5089	 Arousal Loss:3.9411	
[2025-11-26 01:21:07,671][run_task2_3_trainer_multilingual.py][line:1125][INFO] Epoch:[3/3]	 Batch:[220/349.0]	 Loss Sum:108.5306	forward Loss:31.7966;24.9351	 backward Loss:28.3173;17.0955	 Sentiment Loss:3.4729	Valence Loss:8.6986	 Arousal Loss:5.867	
[2025-11-26 01:37:14,964][run_task2_3_trainer_multilingual.py][line:1125][INFO] Epoch:[3/3]	 Batch:[230/349.0]	 Loss Sum:57.8202	forward Loss:11.66;15.9835	 backward Loss:19.6535;4.0694	 Sentiment Loss:4.8576	Valence Loss:2.2837	 Arousal Loss:5.6972	
[2025-11-26 01:53:22,270][run_task2_3_trainer_multilingual.py][line:1125][INFO] Epoch:[3/3]	 Batch:[240/349.0]	 Loss Sum:97.1198	forward Loss:31.429;12.4369	 backward Loss:27.8553;10.8323	 Sentiment Loss:12.4549	Valence Loss:4.5725	 Arousal Loss:5.9845	
[2025-11-26 02:09:29,520][run_task2_3_trainer_multilingual.py][line:1125][INFO] Epoch:[3/3]	 Batch:[250/349.0]	 Loss Sum:110.7055	forward Loss:22.5167;32.7701	 backward Loss:32.9436;15.3849	 Sentiment Loss:5.9161	Valence Loss:3.7906	 Arousal Loss:2.0797	
[2025-11-26 02:25:37,041][run_task2_3_trainer_multilingual.py][line:1125][INFO] Epoch:[3/3]	 Batch:[260/349.0]	 Loss Sum:76.645	forward Loss:22.024;8.8457	 backward Loss:28.2079;11.6445	 Sentiment Loss:4.8139	Valence Loss:3.2747	 Arousal Loss:2.2702	
[2025-11-26 02:41:44,808][run_task2_3_trainer_multilingual.py][line:1125][INFO] Epoch:[3/3]	 Batch:[270/349.0]	 Loss Sum:82.9453	forward Loss:22.7313;14.9914	 backward Loss:25.513;10.4278	 Sentiment Loss:8.1703	Valence Loss:3.6487	 Arousal Loss:1.9089	
[2025-11-26 02:57:52,789][run_task2_3_trainer_multilingual.py][line:1125][INFO] Epoch:[3/3]	 Batch:[280/349.0]	 Loss Sum:70.1728	forward Loss:19.2869;12.7985	 backward Loss:24.6477;8.2047	 Sentiment Loss:3.5349	Valence Loss:4.0846	 Arousal Loss:4.4162	
[2025-11-26 03:13:59,813][run_task2_3_trainer_multilingual.py][line:1125][INFO] Epoch:[3/3]	 Batch:[290/349.0]	 Loss Sum:87.5901	forward Loss:19.9151;18.9306	 backward Loss:32.1206;9.4605	 Sentiment Loss:6.149	Valence Loss:2.3029	 Arousal Loss:2.7681	
[2025-11-26 03:30:07,754][run_task2_3_trainer_multilingual.py][line:1125][INFO] Epoch:[3/3]	 Batch:[300/349.0]	 Loss Sum:72.1966	forward Loss:13.9212;16.1012	 backward Loss:21.1514;4.6156	 Sentiment Loss:14.2186	Valence Loss:8.9336	 Arousal Loss:2.0098	
[2025-11-26 03:46:14,558][run_task2_3_trainer_multilingual.py][line:1125][INFO] Epoch:[3/3]	 Batch:[310/349.0]	 Loss Sum:83.4563	forward Loss:18.9058;11.2952	 backward Loss:32.7369;9.5705	 Sentiment Loss:9.4293	Valence Loss:4.7008	 Arousal Loss:2.8922	
[2025-11-26 04:02:21,910][run_task2_3_trainer_multilingual.py][line:1125][INFO] Epoch:[3/3]	 Batch:[320/349.0]	 Loss Sum:95.4897	forward Loss:35.8114;15.1832	 backward Loss:19.7911;10.1719	 Sentiment Loss:12.0513	Valence Loss:9.3834	 Arousal Loss:3.0208	
[2025-11-26 04:18:28,892][run_task2_3_trainer_multilingual.py][line:1125][INFO] Epoch:[3/3]	 Batch:[330/349.0]	 Loss Sum:103.2353	forward Loss:28.0456;13.6738	 backward Loss:28.5841;25.3706	 Sentiment Loss:6.8333	Valence Loss:1.9835	 Arousal Loss:1.6564	
[2025-11-26 04:34:36,164][run_task2_3_trainer_multilingual.py][line:1125][INFO] Epoch:[3/3]	 Batch:[340/349.0]	 Loss Sum:81.2288	forward Loss:19.8714;18.3418	 backward Loss:20.1101;11.8929	 Sentiment Loss:9.3528	Valence Loss:5.528	 Arousal Loss:2.7706	
[2025-11-26 04:49:06,895][run_task2_3_trainer_multilingual.py][line:1137][INFO] dev
